<?xml version="1.0" encoding="UTF-8"?>
<testsuites name="jest tests" tests="23" failures="0" errors="0" time="26.925">
  <testsuite name="cadence/contracts/MyExampleNFT" errors="0" failures="0" skipped="0" timestamp="2023-02-25T13:35:38" time="10.687" tests="1">
    <testcase classname="cadence/contracts/MyExampleNFT nominal" name="cadence/contracts/MyExampleNFT nominal" time="3.288">
    </testcase>
  </testsuite>
  <testsuite name="state/app/actions" errors="0" failures="0" skipped="0" timestamp="2023-02-25T13:35:38" time="12.793" tests="3">
    <testcase classname="state/app/actions init nominal" name="state/app/actions init nominal" time="1.743">
    </testcase>
    <testcase classname="state/app/actions login nominal" name="state/app/actions login nominal" time="1.593">
    </testcase>
    <testcase classname="state/app/actions logout nominal" name="state/app/actions logout nominal" time="1.609">
    </testcase>
  </testsuite>
  <testsuite name="cadence/contracts/FlowRPG" errors="0" failures="0" skipped="0" timestamp="2023-02-25T13:35:49" time="3.459" tests="1">
    <testcase classname="cadence/contracts/FlowRPG nominal" name="cadence/contracts/FlowRPG nominal" time="2.651">
    </testcase>
  </testsuite>
  <testsuite name="state/app/selectors" errors="0" failures="0" skipped="0" timestamp="2023-02-25T13:35:38" time="14.196" tests="4">
    <testcase classname="state/app/selectors getApp nominal" name="state/app/selectors getApp nominal" time="1.785">
    </testcase>
    <testcase classname="state/app/selectors getLoggedIn initialized = false" name="state/app/selectors getLoggedIn initialized = false" time="1.603">
    </testcase>
    <testcase classname="state/app/selectors getLoggedIn currentUser.loggedIn = false" name="state/app/selectors getLoggedIn currentUser.loggedIn = false" time="1.548">
    </testcase>
    <testcase classname="state/app/selectors getLoggedIn loggedIn = true" name="state/app/selectors getLoggedIn loggedIn = true" time="1.454">
    </testcase>
  </testsuite>
  <testsuite name="state/store" errors="0" failures="0" skipped="0" timestamp="2023-02-25T13:35:38" time="14.381" tests="4">
    <testcase classname="state/store createStore nominal" name="state/store createStore nominal" time="1.826">
    </testcase>
    <testcase classname="state/store createStore throws STORE_ALREADY_DEFINED" name="state/store createStore throws STORE_ALREADY_DEFINED" time="1.577">
    </testcase>
    <testcase classname="state/store getStore nominal" name="state/store getStore nominal" time="1.599">
    </testcase>
    <testcase classname="state/store getStore throws NO_STORE_DEFINED" name="state/store getStore throws NO_STORE_DEFINED" time="1.56">
    </testcase>
  </testsuite>
  <testsuite name="state/app/reducer" errors="0" failures="0" skipped="0" timestamp="2023-02-25T13:35:38" time="24.953" tests="10">
    <testcase classname="state/app/reducer initialState and default initialState" name="state/app/reducer initialState and default initialState" time="2.037">
    </testcase>
    <testcase classname="state/app/reducer initialState and default default" name="state/app/reducer initialState and default default" time="1.852">
    </testcase>
    <testcase classname="state/app/reducer INIT_APP PENDING" name="state/app/reducer INIT_APP PENDING" time="1.707">
    </testcase>
    <testcase classname="state/app/reducer INIT_APP SUCCESS - loggedIn === true" name="state/app/reducer INIT_APP SUCCESS - loggedIn === true" time="1.648">
    </testcase>
    <testcase classname="state/app/reducer INIT_APP SUCCESS - loggedIn === false" name="state/app/reducer INIT_APP SUCCESS - loggedIn === false" time="1.641">
    </testcase>
    <testcase classname="state/app/reducer INIT_APP FAILURE" name="state/app/reducer INIT_APP FAILURE" time="1.649">
    </testcase>
    <testcase classname="state/app/reducer LOGIN PENDING" name="state/app/reducer LOGIN PENDING" time="1.649">
    </testcase>
    <testcase classname="state/app/reducer LOGIN SUCCESS" name="state/app/reducer LOGIN SUCCESS" time="1.626">
    </testcase>
    <testcase classname="state/app/reducer LOGIN FAILURE" name="state/app/reducer LOGIN FAILURE" time="1.637">
    </testcase>
    <testcase classname="state/app/reducer LOGOUT nominal" name="state/app/reducer LOGOUT nominal" time="1.692">
    </testcase>
  </testsuite>
</testsuites>